Archive member included because of file (symbol)

/usr/local/Cellar/pebble-sdk/3.2/Pebble/basalt/lib/libpebble.a(tmpUVIPpypebble.o)
                              src/main.c.12.o (app_event_loop)
/usr/local/Cellar/pebble-toolchain/2.0/arm-cs-tools/bin/../lib/gcc/arm-none-eabi/4.7.2/thumb2/libgcc.a(_arm_addsubdf3.o)
                              src/main.c.12.o (__aeabi_i2d)
/usr/local/Cellar/pebble-toolchain/2.0/arm-cs-tools/bin/../lib/gcc/arm-none-eabi/4.7.2/thumb2/libgcc.a(_arm_muldivdf3.o)
                              src/main.c.12.o (__aeabi_ddiv)
/usr/local/Cellar/pebble-toolchain/2.0/arm-cs-tools/bin/../lib/gcc/arm-none-eabi/4.7.2/thumb2/libgcc.a(_arm_cmpdf2.o)
                              src/main.c.12.o (__aeabi_dcmpge)
/usr/local/Cellar/pebble-toolchain/2.0/arm-cs-tools/bin/../lib/gcc/arm-none-eabi/4.7.2/thumb2/libgcc.a(_arm_truncdfsf2.o)
                              src/main.c.12.o (__aeabi_d2f)

Discarded input sections

 .text          0x0000000000000000        0x0 /usr/local/Cellar/pebble-toolchain/2.0/arm-cs-tools/bin/../lib/gcc/arm-none-eabi/4.7.2/thumb2/crti.o
 .bss           0x0000000000000000        0x0 /usr/local/Cellar/pebble-toolchain/2.0/arm-cs-tools/bin/../lib/gcc/arm-none-eabi/4.7.2/thumb2/crti.o
 .init          0x0000000000000000        0x4 /usr/local/Cellar/pebble-toolchain/2.0/arm-cs-tools/bin/../lib/gcc/arm-none-eabi/4.7.2/thumb2/crti.o
 .fini          0x0000000000000000        0x4 /usr/local/Cellar/pebble-toolchain/2.0/arm-cs-tools/bin/../lib/gcc/arm-none-eabi/4.7.2/thumb2/crti.o
 .text          0x0000000000000000       0xc8 /usr/local/Cellar/pebble-toolchain/2.0/arm-cs-tools/bin/../lib/gcc/arm-none-eabi/4.7.2/thumb2/crtbegin.o
 .bss           0x0000000000000000       0x1c /usr/local/Cellar/pebble-toolchain/2.0/arm-cs-tools/bin/../lib/gcc/arm-none-eabi/4.7.2/thumb2/crtbegin.o
 .init_array    0x0000000000000000        0x4 /usr/local/Cellar/pebble-toolchain/2.0/arm-cs-tools/bin/../lib/gcc/arm-none-eabi/4.7.2/thumb2/crtbegin.o
 .fini_array    0x0000000000000000        0x4 /usr/local/Cellar/pebble-toolchain/2.0/arm-cs-tools/bin/../lib/gcc/arm-none-eabi/4.7.2/thumb2/crtbegin.o
 .eh_frame      0x0000000000000000        0x0 /usr/local/Cellar/pebble-toolchain/2.0/arm-cs-tools/bin/../lib/gcc/arm-none-eabi/4.7.2/thumb2/crtbegin.o
 .jcr           0x0000000000000000        0x0 /usr/local/Cellar/pebble-toolchain/2.0/arm-cs-tools/bin/../lib/gcc/arm-none-eabi/4.7.2/thumb2/crtbegin.o
 .tm_clone_table
                0x0000000000000000        0x0 /usr/local/Cellar/pebble-toolchain/2.0/arm-cs-tools/bin/../lib/gcc/arm-none-eabi/4.7.2/thumb2/crtbegin.o
 .text          0x0000000000000000        0x0 src/main.c.12.o
 .bss           0x0000000000000000        0x0 src/main.c.12.o
 .text.calcLuminance
                0x0000000000000000       0x70 src/main.c.12.o
 .text          0x0000000000000000        0x0 basalt/appinfo.auto.c.12.o
 .bss           0x0000000000000000        0x0 basalt/appinfo.auto.c.12.o
 .bss           0x0000000000000000        0x0 /usr/local/Cellar/pebble-sdk/3.2/Pebble/basalt/lib/libpebble.a(tmpUVIPpypebble.o)
 .text.accel_data_service_subscribe__deprecated
                0x0000000000000000        0xc /usr/local/Cellar/pebble-sdk/3.2/Pebble/basalt/lib/libpebble.a(tmpUVIPpypebble.o)
 .text.accel_data_service_unsubscribe
                0x0000000000000000        0xc /usr/local/Cellar/pebble-sdk/3.2/Pebble/basalt/lib/libpebble.a(tmpUVIPpypebble.o)
 .text.accel_service_peek
                0x0000000000000000        0xc /usr/local/Cellar/pebble-sdk/3.2/Pebble/basalt/lib/libpebble.a(tmpUVIPpypebble.o)
 .text.accel_service_set_samples_per_update
                0x0000000000000000        0xc /usr/local/Cellar/pebble-sdk/3.2/Pebble/basalt/lib/libpebble.a(tmpUVIPpypebble.o)
 .text.accel_service_set_sampling_rate
                0x0000000000000000        0xc /usr/local/Cellar/pebble-sdk/3.2/Pebble/basalt/lib/libpebble.a(tmpUVIPpypebble.o)
 .text.accel_tap_service_subscribe
                0x0000000000000000        0xc /usr/local/Cellar/pebble-sdk/3.2/Pebble/basalt/lib/libpebble.a(tmpUVIPpypebble.o)
 .text.accel_tap_service_unsubscribe
                0x0000000000000000        0xc /usr/local/Cellar/pebble-sdk/3.2/Pebble/basalt/lib/libpebble.a(tmpUVIPpypebble.o)
 .text.action_bar_layer_legacy2_add_to_window
                0x0000000000000000        0xc /usr/local/Cellar/pebble-sdk/3.2/Pebble/basalt/lib/libpebble.a(tmpUVIPpypebble.o)
 .text.action_bar_layer_legacy2_clear_icon
                0x0000000000000000        0xc /usr/local/Cellar/pebble-sdk/3.2/Pebble/basalt/lib/libpebble.a(tmpUVIPpypebble.o)
 .text.action_bar_layer_legacy2_create
                0x0000000000000000        0xc /usr/local/Cellar/pebble-sdk/3.2/Pebble/basalt/lib/libpebble.a(tmpUVIPpypebble.o)
 .text.action_bar_layer_legacy2_destroy
                0x0000000000000000        0xc /usr/local/Cellar/pebble-sdk/3.2/Pebble/basalt/lib/libpebble.a(tmpUVIPpypebble.o)
 .text.action_bar_layer_legacy2_get_layer
[...]
Memory Configuration

Name             Origin             Length             Attributes
APP              0x0000000000000000 0x0000000000010000 xrw
*default*        0x0000000000000000 0xffffffffffffffff

Linker script and memory map

LOAD /usr/local/Cellar/pebble-toolchain/2.0/arm-cs-tools/bin/../lib/gcc/arm-none-eabi/4.7.2/thumb2/crti.o
LOAD /usr/local/Cellar/pebble-toolchain/2.0/arm-cs-tools/bin/../lib/gcc/arm-none-eabi/4.7.2/thumb2/crtbegin.o
LOAD src/main.c.12.o
LOAD basalt/appinfo.auto.c.12.o
LOAD /usr/local/Cellar/pebble-sdk/3.2/Pebble/basalt/lib/libpebble.a
START GROUP
LOAD /usr/local/Cellar/pebble-toolchain/2.0/arm-cs-tools/bin/../lib/gcc/arm-none-eabi/4.7.2/thumb2/libgcc.a
LOAD /usr/local/Cellar/pebble-toolchain/2.0/arm-cs-tools/bin/../lib/gcc/arm-none-eabi/4.7.2/../../../../arm-none-eabi/lib/thumb2/libc.a
END GROUP
LOAD /usr/local/Cellar/pebble-toolchain/2.0/arm-cs-tools/bin/../lib/gcc/arm-none-eabi/4.7.2/thumb2/crtend.o
LOAD /usr/local/Cellar/pebble-toolchain/2.0/arm-cs-tools/bin/../lib/gcc/arm-none-eabi/4.7.2/thumb2/crtn.o

.header         0x0000000000000000       0x82
 *(.pbl_header)
 .pbl_header    0x0000000000000000       0x82 basalt/appinfo.auto.c.12.o
                0x0000000000000000                __pbl_app_info

.note.gnu.build-id
                0x0000000000000082       0x26
                0x0000000000000082                PROVIDE (BUILD_ID, .)
 *(.note.gnu.build-id)
 *fill*         0x0000000000000082        0x2 
 .note.gnu.build-id
                0x0000000000000084       0x24 linker stubs

.text           0x00000000000000a8     0x10bb
 *(.text)
 .text          0x00000000000000a8       0x14 /usr/local/Cellar/pebble-sdk/3.2/Pebble/basalt/lib/libpebble.a(tmpUVIPpypebble.o)
 .text          0x00000000000000bc      0x370 /usr/local/Cellar/pebble-toolchain/2.0/arm-cs-tools/bin/../lib/gcc/arm-none-eabi/4.7.2/thumb2/libgcc.a(_arm_addsubdf3.o)
                0x00000000000000bc                __aeabi_drsub
                0x00000000000000c4                __subdf3
                0x00000000000000c4                __aeabi_dsub
                0x00000000000000c8                __aeabi_dadd
                0x00000000000000c8                __adddf3
                0x0000000000000340                __aeabi_ui2d
                0x0000000000000340                __floatunsidf
                0x0000000000000360                __floatsidf
                0x0000000000000360                __aeabi_i2d
                0x0000000000000384                __extendsfdf2
                0x0000000000000384                __aeabi_f2d
                0x00000000000003c0                __aeabi_ul2d
                0x00000000000003c0                __floatundidf
                0x00000000000003d0                __aeabi_l2d
                0x00000000000003d0                __floatdidf
 .text          0x000000000000042c      0x424 /usr/local/Cellar/pebble-toolchain/2.0/arm-cs-tools/bin/../lib/gcc/arm-none-eabi/4.7.2/thumb2/libgcc.a(_arm_muldivdf3.o)
                0x000000000000042c                __aeabi_dmul
                0x000000000000042c                __muldf3
                0x0000000000000680                __aeabi_ddiv
                0x0000000000000680                __divdf3
 .text          0x0000000000000850      0x110 /usr/local/Cellar/pebble-toolchain/2.0/arm-cs-tools/bin/../lib/gcc/arm-none-eabi/4.7.2/thumb2/libgcc.a(_arm_cmpdf2.o)
                0x0000000000000850                __gtdf2
                0x0000000000000850                __gedf2
                0x0000000000000858                __ltdf2
                0x0000000000000858                __ledf2
                0x0000000000000860                __eqdf2
                0x0000000000000860                __nedf2
                0x0000000000000860                __cmpdf2
                0x00000000000008dc                __aeabi_cdrcmple
                0x00000000000008ec                __aeabi_cdcmple
                0x00000000000008ec                __aeabi_cdcmpeq
                0x00000000000008fc                __aeabi_dcmpeq
                0x0000000000000910                __aeabi_dcmplt
                0x0000000000000924                __aeabi_dcmple
                0x0000000000000938                __aeabi_dcmpge
                0x000000000000094c                __aeabi_dcmpgt
 *(.text.*)
 .text.battery_handler
                0x0000000000000960       0x34 src/main.c.12.o
 .text.update_time
                0x0000000000000994       0xe0 src/main.c.12.o
 *fill*         0x0000000000000a74        0x4 
 .text.tick_handler
                0x0000000000000a78      0x108 src/main.c.12.o
 .text.main_window_unload
                0x0000000000000b80       0x4c src/main.c.12.o
 .text.main_window_load
                0x0000000000000bcc      0x2ac src/main.c.12.o
 .text.startup.main
                0x0000000000000e78       0xe8 src/main.c.12.o
                0x0000000000000e78                main
 .text.app_event_loop
                0x0000000000000f60        0xc /usr/local/Cellar/pebble-sdk/3.2/Pebble/basalt/lib/libpebble.a(tmpUVIPpypebble.o)
                0x0000000000000f60                app_event_loop
 .text.app_log  0x0000000000000f6c        0xc /usr/local/Cellar/pebble-sdk/3.2/Pebble/basalt/lib/libpebble.a(tmpUVIPpypebble.o)
                0x0000000000000f6c                app_log
 .text.battery_state_service_peek
                0x0000000000000f78        0xc /usr/local/Cellar/pebble-sdk/3.2/Pebble/basalt/lib/libpebble.a(tmpUVIPpypebble.o)
                0x0000000000000f78                battery_state_service_peek
 .text.battery_state_service_subscribe
                0x0000000000000f84        0xc /usr/local/Cellar/pebble-sdk/3.2/Pebble/basalt/lib/libpebble.a(tmpUVIPpypebble.o)
                0x0000000000000f84                battery_state_service_subscribe
 .text.clock_is_24h_style
                0x0000000000000f90        0xc /usr/local/Cellar/pebble-sdk/3.2/Pebble/basalt/lib/libpebble.a(tmpUVIPpypebble.o)
                0x0000000000000f90                clock_is_24h_style
 .text.fonts_load_custom_font
                0x0000000000000f9c        0xc /usr/local/Cellar/pebble-sdk/3.2/Pebble/basalt/lib/libpebble.a(tmpUVIPpypebble.o)
                0x0000000000000f9c                fonts_load_custom_font
 .text.layer_add_child
                0x0000000000000fa8        0xc /usr/local/Cellar/pebble-sdk/3.2/Pebble/basalt/lib/libpebble.a(tmpUVIPpypebble.o)
                0x0000000000000fa8                layer_add_child
 .text.memset   0x0000000000000fb4        0xc /usr/local/Cellar/pebble-sdk/3.2/Pebble/basalt/lib/libpebble.a(tmpUVIPpypebble.o)
                0x0000000000000fb4                memset
 .text.resource_get_handle
                0x0000000000000fc0        0xc /usr/local/Cellar/pebble-sdk/3.2/Pebble/basalt/lib/libpebble.a(tmpUVIPpypebble.o)
                0x0000000000000fc0                resource_get_handle
 .text.snprintf
                0x0000000000000fcc        0xc /usr/local/Cellar/pebble-sdk/3.2/Pebble/basalt/lib/libpebble.a(tmpUVIPpypebble.o)
                0x0000000000000fcc                snprintf
 .text.strftime
                0x0000000000000fd8        0xc /usr/local/Cellar/pebble-sdk/3.2/Pebble/basalt/lib/libpebble.a(tmpUVIPpypebble.o)
                0x0000000000000fd8                strftime
 .text.tick_timer_service_subscribe
                0x0000000000000fe4        0xc /usr/local/Cellar/pebble-sdk/3.2/Pebble/basalt/lib/libpebble.a(tmpUVIPpypebble.o)
                0x0000000000000fe4                tick_timer_service_subscribe
 .text.window_create
                0x0000000000000ff0        0xc /usr/local/Cellar/pebble-sdk/3.2/Pebble/basalt/lib/libpebble.a(tmpUVIPpypebble.o)
                0x0000000000000ff0                window_create
 .text.window_destroy
                0x0000000000000ffc        0xc /usr/local/Cellar/pebble-sdk/3.2/Pebble/basalt/lib/libpebble.a(tmpUVIPpypebble.o)
                0x0000000000000ffc                window_destroy
 .text.window_get_root_layer
                0x0000000000001008        0xc /usr/local/Cellar/pebble-sdk/3.2/Pebble/basalt/lib/libpebble.a(tmpUVIPpypebble.o)
                0x0000000000001008                window_get_root_layer
 .text.window_set_window_handlers
                0x0000000000001014        0xc /usr/local/Cellar/pebble-sdk/3.2/Pebble/basalt/lib/libpebble.a(tmpUVIPpypebble.o)
                0x0000000000001014                window_set_window_handlers
 .text.window_stack_push
                0x0000000000001020        0xc /usr/local/Cellar/pebble-sdk/3.2/Pebble/basalt/lib/libpebble.a(tmpUVIPpypebble.o)
                0x0000000000001020                window_stack_push
 .text.window_set_background_color
                0x000000000000102c        0xc /usr/local/Cellar/pebble-sdk/3.2/Pebble/basalt/lib/libpebble.a(tmpUVIPpypebble.o)
                0x000000000000102c                window_set_background_color
 .text.localtime
                0x0000000000001038        0xc /usr/local/Cellar/pebble-sdk/3.2/Pebble/basalt/lib/libpebble.a(tmpUVIPpypebble.o)
                0x0000000000001038                localtime
 .text.text_layer_create
                0x0000000000001044        0xc /usr/local/Cellar/pebble-sdk/3.2/Pebble/basalt/lib/libpebble.a(tmpUVIPpypebble.o)
                0x0000000000001044                text_layer_create
 .text.text_layer_destroy
                0x0000000000001050        0xc /usr/local/Cellar/pebble-sdk/3.2/Pebble/basalt/lib/libpebble.a(tmpUVIPpypebble.o)
                0x0000000000001050                text_layer_destroy
 .text.text_layer_get_layer
                0x000000000000105c        0xc /usr/local/Cellar/pebble-sdk/3.2/Pebble/basalt/lib/libpebble.a(tmpUVIPpypebble.o)
                0x000000000000105c                text_layer_get_layer
 .text.text_layer_set_background_color
                0x0000000000001068        0xc /usr/local/Cellar/pebble-sdk/3.2/Pebble/basalt/lib/libpebble.a(tmpUVIPpypebble.o)
                0x0000000000001068                text_layer_set_background_color
 .text.text_layer_set_font
                0x0000000000001074        0xc /usr/local/Cellar/pebble-sdk/3.2/Pebble/basalt/lib/libpebble.a(tmpUVIPpypebble.o)
                0x0000000000001074                text_layer_set_font
 .text.text_layer_set_text
                0x0000000000001080        0xc /usr/local/Cellar/pebble-sdk/3.2/Pebble/basalt/lib/libpebble.a(tmpUVIPpypebble.o)
                0x0000000000001080                text_layer_set_text
 .text.text_layer_set_text_alignment
                0x000000000000108c        0xc /usr/local/Cellar/pebble-sdk/3.2/Pebble/basalt/lib/libpebble.a(tmpUVIPpypebble.o)
                0x000000000000108c                text_layer_set_text_alignment
 .text.text_layer_set_text_color
                0x0000000000001098        0xc /usr/local/Cellar/pebble-sdk/3.2/Pebble/basalt/lib/libpebble.a(tmpUVIPpypebble.o)
                0x0000000000001098                text_layer_set_text_color
 .text.time     0x00000000000010a4        0xc /usr/local/Cellar/pebble-sdk/3.2/Pebble/basalt/lib/libpebble.a(tmpUVIPpypebble.o)
                0x00000000000010a4                time
 *(.rodata)
 .rodata        0x00000000000010b0       0x28 src/main.c.12.o
 *(.rodata*)
 .rodata.str1.1
                0x00000000000010d8       0x4f src/main.c.12.o
                                         0x5e (size before relaxing)
 .rodata.supportedColors
                0x0000000000001127       0x3c src/main.c.12.o

.glue_7         0x0000000000001164        0x0
 .glue_7        0x0000000000000000        0x0 linker stubs

.glue_7t        0x0000000000001164        0x0
 .glue_7t       0x0000000000000000        0x0 linker stubs

.vfp11_veneer   0x0000000000001164        0x0
 .vfp11_veneer  0x0000000000000000        0x0 linker stubs

.v4_bx          0x0000000000001164        0x0
 .v4_bx         0x0000000000000000        0x0 linker stubs

.iplt           0x0000000000001164        0x0
 .iplt          0x0000000000000000        0x0 /usr/local/Cellar/pebble-toolchain/2.0/arm-cs-tools/bin/../lib/gcc/arm-none-eabi/4.7.2/thumb2/crtbegin.o

.rel.dyn        0x0000000000001164        0x0
 .rel.iplt      0x0000000000000000        0x0 /usr/local/Cellar/pebble-toolchain/2.0/arm-cs-tools/bin/../lib/gcc/arm-none-eabi/4.7.2/thumb2/crtbegin.o

.data           0x0000000000001164       0x18
 *(.data)
 .data          0x0000000000001164        0x0 /usr/local/Cellar/pebble-toolchain/2.0/arm-cs-tools/bin/../lib/gcc/arm-none-eabi/4.7.2/thumb2/crti.o
 .data          0x0000000000001164        0x4 /usr/local/Cellar/pebble-toolchain/2.0/arm-cs-tools/bin/../lib/gcc/arm-none-eabi/4.7.2/thumb2/crtbegin.o
                0x0000000000001164                __dso_handle
 .data          0x0000000000001168        0x0 src/main.c.12.o
 .data          0x0000000000001168        0x0 basalt/appinfo.auto.c.12.o
 .data          0x0000000000001168        0x0 /usr/local/Cellar/pebble-sdk/3.2/Pebble/basalt/lib/libpebble.a(tmpUVIPpypebble.o)
 .data          0x0000000000001168        0x0 /usr/local/Cellar/pebble-toolchain/2.0/arm-cs-tools/bin/../lib/gcc/arm-none-eabi/4.7.2/thumb2/libgcc.a(_arm_addsubdf3.o)
 .data          0x0000000000001168        0x0 /usr/local/Cellar/pebble-toolchain/2.0/arm-cs-tools/bin/../lib/gcc/arm-none-eabi/4.7.2/thumb2/libgcc.a(_arm_muldivdf3.o)
 .data          0x0000000000001168        0x0 /usr/local/Cellar/pebble-toolchain/2.0/arm-cs-tools/bin/../lib/gcc/arm-none-eabi/4.7.2/thumb2/libgcc.a(_arm_cmpdf2.o)
 .data          0x0000000000001168        0x0 /usr/local/Cellar/pebble-toolchain/2.0/arm-cs-tools/bin/../lib/gcc/arm-none-eabi/4.7.2/thumb2/libgcc.a(_arm_truncdfsf2.o)
 .data          0x0000000000001168        0x0 /usr/local/Cellar/pebble-toolchain/2.0/arm-cs-tools/bin/../lib/gcc/arm-none-eabi/4.7.2/thumb2/crtend.o
 .data          0x0000000000001168        0x0 /usr/local/Cellar/pebble-toolchain/2.0/arm-cs-tools/bin/../lib/gcc/arm-none-eabi/4.7.2/thumb2/crtn.o
 *(.data.*)
 .data.bufferSec.6997
                0x0000000000001168        0x3 src/main.c.12.o
 .data.bufferMin.6996
                0x000000000000116b        0x3 src/main.c.12.o
 .data.bufferHr.6995
                0x000000000000116e        0x4 src/main.c.12.o
 .data.s_battery_buffer.6970
                0x0000000000001172        0x4 src/main.c.12.o
 .data.bufferDate.6998
                0x0000000000001176        0x6 src/main.c.12.o

.igot.plt       0x000000000000117c        0x0
 .igot.plt      0x0000000000000000        0x0 /usr/local/Cellar/pebble-toolchain/2.0/arm-cs-tools/bin/../lib/gcc/arm-none-eabi/4.7.2/thumb2/crtbegin.o

.bss            0x000000000000117c       0x1c
 *(.bss)
 *(.bss.*)
 .bss.s_date_layer
                0x000000000000117c        0x4 src/main.c.12.o
 .bss.s_battery_layer
                0x0000000000001180        0x4 src/main.c.12.o
 .bss.s_hr_layer
                0x0000000000001184        0x4 src/main.c.12.o
 .bss.s_min_layer
                0x0000000000001188        0x4 src/main.c.12.o
 .bss.windowMain
                0x000000000000118c        0x4 src/main.c.12.o
 .bss.s_sec_layer
                0x0000000000001190        0x4 src/main.c.12.o
 .bss.s_main_window
                0x0000000000001194        0x4 src/main.c.12.o

DISCARD
 libc.a(*)
 libm.a(*)
 libgcc.a(*)
 *(.eh_frame)
OUTPUT(/Users/imoreira/Downloads/hexWatch/build/basalt/pebble-app.elf elf32-littlearm)

.ARM.attributes
                0x0000000000000000       0x27
 .ARM.attributes
                0x0000000000000000       0x19 /usr/local/Cellar/pebble-toolchain/2.0/arm-cs-tools/bin/../lib/gcc/arm-none-eabi/4.7.2/thumb2/crti.o
 .ARM.attributes
                0x0000000000000019       0x29 /usr/local/Cellar/pebble-toolchain/2.0/arm-cs-tools/bin/../lib/gcc/arm-none-eabi/4.7.2/thumb2/crtbegin.o
 .ARM.attributes
                0x0000000000000042       0x33 src/main.c.12.o
 .ARM.attributes
                0x0000000000000075       0x33 basalt/appinfo.auto.c.12.o
 .ARM.attributes
                0x00000000000000a8       0x21 /usr/local/Cellar/pebble-sdk/3.2/Pebble/basalt/lib/libpebble.a(tmpUVIPpypebble.o)
 .ARM.attributes
                0x00000000000000c9       0x19 /usr/local/Cellar/pebble-toolchain/2.0/arm-cs-tools/bin/../lib/gcc/arm-none-eabi/4.7.2/thumb2/libgcc.a(_arm_addsubdf3.o)
 .ARM.attributes
                0x00000000000000e2       0x19 /usr/local/Cellar/pebble-toolchain/2.0/arm-cs-tools/bin/../lib/gcc/arm-none-eabi/4.7.2/thumb2/libgcc.a(_arm_muldivdf3.o)
 .ARM.attributes
                0x00000000000000fb       0x19 /usr/local/Cellar/pebble-toolchain/2.0/arm-cs-tools/bin/../lib/gcc/arm-none-eabi/4.7.2/thumb2/libgcc.a(_arm_cmpdf2.o)
 .ARM.attributes
                0x0000000000000114       0x19 /usr/local/Cellar/pebble-toolchain/2.0/arm-cs-tools/bin/../lib/gcc/arm-none-eabi/4.7.2/thumb2/libgcc.a(_arm_truncdfsf2.o)
 .ARM.attributes
                0x000000000000012d       0x29 /usr/local/Cellar/pebble-toolchain/2.0/arm-cs-tools/bin/../lib/gcc/arm-none-eabi/4.7.2/thumb2/crtend.o
 .ARM.attributes
                0x0000000000000156       0x19 /usr/local/Cellar/pebble-toolchain/2.0/arm-cs-tools/bin/../lib/gcc/arm-none-eabi/4.7.2/thumb2/crtn.o

.comment        0x0000000000000000       0x4e
 .comment       0x0000000000000000       0x4e /usr/local/Cellar/pebble-toolchain/2.0/arm-cs-tools/bin/../lib/gcc/arm-none-eabi/4.7.2/thumb2/crtbegin.o
                                         0x4f (size before relaxing)
 .comment       0x0000000000000000       0x4f src/main.c.12.o
 .comment       0x0000000000000000       0x4f basalt/appinfo.auto.c.12.o
 .comment       0x0000000000000000       0x4f /usr/local/Cellar/pebble-toolchain/2.0/arm-cs-tools/bin/../lib/gcc/arm-none-eabi/4.7.2/thumb2/crtend.o

.debug_info     0x0000000000000000     0x1820
 .debug_info    0x0000000000000000     0x11ef src/main.c.12.o
 .debug_info    0x00000000000011ef      0x34d basalt/appinfo.auto.c.12.o
 .debug_info    0x000000000000153c       0xb9 /usr/local/Cellar/pebble-toolchain/2.0/arm-cs-tools/bin/../lib/gcc/arm-none-eabi/4.7.2/thumb2/libgcc.a(_arm_addsubdf3.o)
 .debug_info    0x00000000000015f5       0xb9 /usr/local/Cellar/pebble-toolchain/2.0/arm-cs-tools/bin/../lib/gcc/arm-none-eabi/4.7.2/thumb2/libgcc.a(_arm_muldivdf3.o)
 .debug_info    0x00000000000016ae       0xb9 /usr/local/Cellar/pebble-toolchain/2.0/arm-cs-tools/bin/../lib/gcc/arm-none-eabi/4.7.2/thumb2/libgcc.a(_arm_cmpdf2.o)
 .debug_info    0x0000000000001767       0xb9 /usr/local/Cellar/pebble-toolchain/2.0/arm-cs-tools/bin/../lib/gcc/arm-none-eabi/4.7.2/thumb2/libgcc.a(_arm_truncdfsf2.o)

.debug_abbrev   0x0000000000000000      0x456
 .debug_abbrev  0x0000000000000000      0x368 src/main.c.12.o
 .debug_abbrev  0x0000000000000368       0x9e basalt/appinfo.auto.c.12.o
 .debug_abbrev  0x0000000000000406       0x14 /usr/local/Cellar/pebble-toolchain/2.0/arm-cs-tools/bin/../lib/gcc/arm-none-eabi/4.7.2/thumb2/libgcc.a(_arm_addsubdf3.o)
 .debug_abbrev  0x000000000000041a       0x14 /usr/local/Cellar/pebble-toolchain/2.0/arm-cs-tools/bin/../lib/gcc/arm-none-eabi/4.7.2/thumb2/libgcc.a(_arm_muldivdf3.o)
 .debug_abbrev  0x000000000000042e       0x14 /usr/local/Cellar/pebble-toolchain/2.0/arm-cs-tools/bin/../lib/gcc/arm-none-eabi/4.7.2/thumb2/libgcc.a(_arm_cmpdf2.o)
 .debug_abbrev  0x0000000000000442       0x14 /usr/local/Cellar/pebble-toolchain/2.0/arm-cs-tools/bin/../lib/gcc/arm-none-eabi/4.7.2/thumb2/libgcc.a(_arm_truncdfsf2.o)

.debug_loc      0x0000000000000000      0x264
 .debug_loc     0x0000000000000000      0x264 src/main.c.12.o

.debug_aranges  0x0000000000000000       0xe8
 .debug_aranges
                0x0000000000000000       0x50 src/main.c.12.o
 .debug_aranges
                0x0000000000000050       0x18 basalt/appinfo.auto.c.12.o
 .debug_aranges
                0x0000000000000068       0x20 /usr/local/Cellar/pebble-toolchain/2.0/arm-cs-tools/bin/../lib/gcc/arm-none-eabi/4.7.2/thumb2/libgcc.a(_arm_addsubdf3.o)
 .debug_aranges
                0x0000000000000088       0x20 /usr/local/Cellar/pebble-toolchain/2.0/arm-cs-tools/bin/../lib/gcc/arm-none-eabi/4.7.2/thumb2/libgcc.a(_arm_muldivdf3.o)
 .debug_aranges
                0x00000000000000a8       0x20 /usr/local/Cellar/pebble-toolchain/2.0/arm-cs-tools/bin/../lib/gcc/arm-none-eabi/4.7.2/thumb2/libgcc.a(_arm_cmpdf2.o)
 .debug_aranges
                0x00000000000000c8       0x20 /usr/local/Cellar/pebble-toolchain/2.0/arm-cs-tools/bin/../lib/gcc/arm-none-eabi/4.7.2/thumb2/libgcc.a(_arm_truncdfsf2.o)

.debug_ranges   0x0000000000000000       0x70
 .debug_ranges  0x0000000000000000       0x70 src/main.c.12.o

.debug_line     0x0000000000000000      0xa5b
 .debug_line    0x0000000000000000      0x358 src/main.c.12.o
 .debug_line    0x0000000000000358      0x12d basalt/appinfo.auto.c.12.o
 .debug_line    0x0000000000000485      0x20a /usr/local/Cellar/pebble-toolchain/2.0/arm-cs-tools/bin/../lib/gcc/arm-none-eabi/4.7.2/thumb2/libgcc.a(_arm_addsubdf3.o)
 .debug_line    0x000000000000068f      0x226 /usr/local/Cellar/pebble-toolchain/2.0/arm-cs-tools/bin/../lib/gcc/arm-none-eabi/4.7.2/thumb2/libgcc.a(_arm_muldivdf3.o)
 .debug_line    0x00000000000008b5      0x10c /usr/local/Cellar/pebble-toolchain/2.0/arm-cs-tools/bin/../lib/gcc/arm-none-eabi/4.7.2/thumb2/libgcc.a(_arm_cmpdf2.o)
 .debug_line    0x00000000000009c1       0x9a /usr/local/Cellar/pebble-toolchain/2.0/arm-cs-tools/bin/../lib/gcc/arm-none-eabi/4.7.2/thumb2/libgcc.a(_arm_truncdfsf2.o)

.debug_str      0x0000000000000000      0x928
 .debug_str     0x0000000000000000      0x706 src/main.c.12.o
                                        0x77c (size before relaxing)
 .debug_str     0x0000000000000706      0x222 basalt/appinfo.auto.c.12.o
                                        0x3b1 (size before relaxing)

.debug_frame    0x0000000000000000       0xec
 .debug_frame   0x0000000000000000       0xec src/main.c.12.o
